
> toxic-premium@0.1.0 build
> next build

▲ Next.js 16.2.6 (Turbopack)

  Creating an optimized production build ...

> Build error occurred
Error: Turbopack build failed with 12 errors:
./src/components/social/AccountConnector.tsx:3:1
Export Facebook doesn't exist in target module
  [90m1 |[0m [32m'use client'[0m;
  [90m2 |[0m
[31m[1m>[0m [90m3 |[0m [36mimport[0m { [33mCheck[0m, [33mPlus[0m, [33mX[0m, [33mFacebook[0m, [33mInstagram[0m, [33mYoutube[0m, [33mMusic2[0m } [36mfrom[0m [32m'lucide-react'[0m;
  [90m  |[0m [31m[1m^^^^^^^^^^^^^^^^^^^^^^^^^^^^^^^^^^^^^^^^^^^^^^^^^^^^^^^^^^^^^^^^^^^^^^^^^^^^^^^^^^^^[0m
  [90m4 |[0m [36mimport[0m { useSocialAccounts } [36mfrom[0m [32m'@/hooks/useSocialAccounts'[0m;
  [90m5 |[0m [36mimport[0m { [33mSocialPlatform[0m, getAuthUrl } [36mfrom[0m [32m'@/lib/social/providers'[0m;
  [90m6 |[0m

The export Facebook was not found in module [project]/node_modules/lucide-react/dist/esm/lucide-react.mjs [app-client] (ecmascript).
Did you mean to import Webhook?
All exports of the module are statically known (It doesn't have dynamic exports). So it's known statically that the requested export doesn't exist.

Import traces:
  Client Component Browser:
    ./src/components/social/AccountConnector.tsx [Client Component Browser]
    ./src/components/social/ViralDashboard.tsx [Client Component Browser]
    ./src/app/page.tsx [Client Component Browser]
    ./src/app/page.tsx [Server Component]

  Client Component SSR:
    ./src/components/social/AccountConnector.tsx [Client Component SSR]
    ./src/components/social/ViralDashboard.tsx [Client Component SSR]
    ./src/app/page.tsx [Client Component SSR]
    ./src/app/page.tsx [Server Component]


./src/components/social/AccountConnector.tsx:3:1
Export Facebook doesn't exist in target module
  [90m1 |[0m [32m'use client'[0m;
  [90m2 |[0m
[31m[1m>[0m [90m3 |[0m [36mimport[0m { [33mCheck[0m, [33mPlus[0m, [33mX[0m, [33mFacebook[0m, [33mInstagram[0m, [33mYoutube[0m, [33mMusic2[0m } [36mfrom[0m [32m'lucide-react'[0m;
  [90m  |[0m [31m[1m^^^^^^^^^^^^^^^^^^^^^^^^^^^^^^^^^^^^^^^^^^^^^^^^^^^^^^^^^^^^^^^^^^^^^^^^^^^^^^^^^^^^[0m
  [90m4 |[0m [36mimport[0m { useSocialAccounts } [36mfrom[0m [32m'@/hooks/useSocialAccounts'[0m;
  [90m5 |[0m [36mimport[0m { [33mSocialPlatform[0m, getAuthUrl } [36mfrom[0m [32m'@/lib/social/providers'[0m;
  [90m6 |[0m

The export Facebook was not found in module [project]/node_modules/lucide-react/dist/esm/lucide-react.mjs [app-ssr] (ecmascript).
Did you mean to import Webhook?
All exports of the module are statically known (It doesn't have dynamic exports). So it's known statically that the requested export doesn't exist.

Import traces:
  Client Component Browser:
    ./src/components/social/AccountConnector.tsx [Client Component Browser]
    ./src/components/social/ViralDashboard.tsx [Client Component Browser]
    ./src/app/page.tsx [Client Component Browser]
    ./src/app/page.tsx [Server Component]

  Client Component SSR:
    ./src/components/social/AccountConnector.tsx [Client Component SSR]
    ./src/components/social/ViralDashboard.tsx [Client Component SSR]
    ./src/app/page.tsx [Client Component SSR]
    ./src/app/page.tsx [Server Component]


./src/components/social/PublishModal.tsx:4:1
Export Facebook doesn't exist in target module
  [90m2 |[0m
  [90m3 |[0m [36mimport[0m { useState } [36mfrom[0m [32m'react'[0m;
[31m[1m>[0m [90m4 |[0m [36mimport[0m { [33mX[0m, [33mSend[0m, [33mLoader2[0m, [33mCheckCircle2[0m, [33mAlertCircle[0m, [33mFacebook[0m, [33mInstagram[0m, [33mYoutube[0m, [33mMusic2[0m } [36mfrom[0m [32m'lucide-react'[0m;
  [90m  |[0m [31m[1m^^^^^^^^^^^^^^^^^^^^^^^^^^^^^^^^^^^^^^^^^^^^^^^^^^^^^^^^^^^^^^^^^^^^^^^^^^^^^^^^^^^^^^^^^^^^^^^^^^^^^^^^^^^^^^^^^[0m
  [90m5 |[0m [36mimport[0m { motion, [33mAnimatePresence[0m } [36mfrom[0m [32m'framer-motion'[0m;
  [90m6 |[0m [36mimport[0m { useSocialAccounts } [36mfrom[0m [32m'@/hooks/useSocialAccounts'[0m;
  [90m7 |[0m [36mimport[0m { publishToSocial, [33mSocialPlatform[0m } [36mfrom[0m [32m'@/lib/social/providers'[0m;

The export Facebook was not found in module [project]/node_modules/lucide-react/dist/esm/lucide-react.mjs [app-client] (ecmascript).
Did you mean to import Webhook?
All exports of the module are statically known (It doesn't have dynamic exports). So it's known statically that the requested export doesn't exist.

Import traces:
  Client Component Browser:
    ./src/components/social/PublishModal.tsx [Client Component Browser]
    ./src/components/social/ViralDashboard.tsx [Client Component Browser]
    ./src/app/page.tsx [Client Component Browser]
    ./src/app/page.tsx [Server Component]

  Client Component SSR:
    ./src/components/social/PublishModal.tsx [Client Component SSR]
    ./src/components/social/ViralDashboard.tsx [Client Component SSR]
    ./src/app/page.tsx [Client Component SSR]
    ./src/app/page.tsx [Server Component]


./src/components/social/PublishModal.tsx:4:1
Export Facebook doesn't exist in target module
  [90m2 |[0m
  [90m3 |[0m [36mimport[0m { useState } [36mfrom[0m [32m'react'[0m;
[31m[1m>[0m [90m4 |[0m [36mimport[0m { [33mX[0m, [33mSend[0m, [33mLoader2[0m, [33mCheckCircle2[0m, [33mAlertCircle[0m, [33mFacebook[0m, [33mInstagram[0m, [33mYoutube[0m, [33mMusic2[0m } [36mfrom[0m [32m'lucide-react'[0m;
  [90m  |[0m [31m[1m^^^^^^^^^^^^^^^^^^^^^^^^^^^^^^^^^^^^^^^^^^^^^^^^^^^^^^^^^^^^^^^^^^^^^^^^^^^^^^^^^^^^^^^^^^^^^^^^^^^^^^^^^^^^^^^^^[0m
  [90m5 |[0m [36mimport[0m { motion, [33mAnimatePresence[0m } [36mfrom[0m [32m'framer-motion'[0m;
  [90m6 |[0m [36mimport[0m { useSocialAccounts } [36mfrom[0m [32m'@/hooks/useSocialAccounts'[0m;
  [90m7 |[0m [36mimport[0m { publishToSocial, [33mSocialPlatform[0m } [36mfrom[0m [32m'@/lib/social/providers'[0m;

The export Facebook was not found in module [project]/node_modules/lucide-react/dist/esm/lucide-react.mjs [app-ssr] (ecmascript).
Did you mean to import Webhook?
All exports of the module are statically known (It doesn't have dynamic exports). So it's known statically that the requested export doesn't exist.

Import traces:
  Client Component Browser:
    ./src/components/social/PublishModal.tsx [Client Component Browser]
    ./src/components/social/ViralDashboard.tsx [Client Component Browser]
    ./src/app/page.tsx [Client Component Browser]
    ./src/app/page.tsx [Server Component]

  Client Component SSR:
    ./src/components/social/PublishModal.tsx [Client Component SSR]
    ./src/components/social/ViralDashboard.tsx [Client Component SSR]
    ./src/app/page.tsx [Client Component SSR]
    ./src/app/page.tsx [Server Component]


./src/components/social/AccountConnector.tsx:3:1
Export Instagram doesn't exist in target module
  [90m1 |[0m [32m'use client'[0m;
  [90m2 |[0m
[31m[1m>[0m [90m3 |[0m [36mimport[0m { [33mCheck[0m, [33mPlus[0m, [33mX[0m, [33mFacebook[0m, [33mInstagram[0m, [33mYoutube[0m, [33mMusic2[0m } [36mfrom[0m [32m'lucide-react'[0m;
  [90m  |[0m [31m[1m^^^^^^^^^^^^^^^^^^^^^^^^^^^^^^^^^^^^^^^^^^^^^^^^^^^^^^^^^^^^^^^^^^^^^^^^^^^^^^^^^^^^[0m
  [90m4 |[0m [36mimport[0m { useSocialAccounts } [36mfrom[0m [32m'@/hooks/useSocialAccounts'[0m;
  [90m5 |[0m [36mimport[0m { [33mSocialPlatform[0m, getAuthUrl } [36mfrom[0m [32m'@/lib/social/providers'[0m;
  [90m6 |[0m

The export Instagram was not found in module [project]/node_modules/lucide-react/dist/esm/lucide-react.mjs [app-client] (ecmascript).
Did you mean to import Star?
All exports of the module are statically known (It doesn't have dynamic exports). So it's known statically that the requested export doesn't exist.

Import traces:
  Client Component Browser:
    ./src/components/social/AccountConnector.tsx [Client Component Browser]
    ./src/components/social/ViralDashboard.tsx [Client Component Browser]
    ./src/app/page.tsx [Client Component Browser]
    ./src/app/page.tsx [Server Component]

  Client Component SSR:
    ./src/components/social/AccountConnector.tsx [Client Component SSR]
    ./src/components/social/ViralDashboard.tsx [Client Component SSR]
    ./src/app/page.tsx [Client Component SSR]
    ./src/app/page.tsx [Server Component]


./src/components/social/AccountConnector.tsx:3:1
Export Instagram doesn't exist in target module
  [90m1 |[0m [32m'use client'[0m;
  [90m2 |[0m
[31m[1m>[0m [90m3 |[0m [36mimport[0m { [33mCheck[0m, [33mPlus[0m, [33mX[0m, [33mFacebook[0m, [33mInstagram[0m, [33mYoutube[0m, [33mMusic2[0m } [36mfrom[0m [32m'lucide-react'[0m;
  [90m  |[0m [31m[1m^^^^^^^^^^^^^^^^^^^^^^^^^^^^^^^^^^^^^^^^^^^^^^^^^^^^^^^^^^^^^^^^^^^^^^^^^^^^^^^^^^^^[0m
  [90m4 |[0m [36mimport[0m { useSocialAccounts } [36mfrom[0m [32m'@/hooks/useSocialAccounts'[0m;
  [90m5 |[0m [36mimport[0m { [33mSocialPlatform[0m, getAuthUrl } [36mfrom[0m [32m'@/lib/social/providers'[0m;
  [90m6 |[0m

The export Instagram was not found in module [project]/node_modules/lucide-react/dist/esm/lucide-react.mjs [app-ssr] (ecmascript).
Did you mean to import Star?
All exports of the module are statically known (It doesn't have dynamic exports). So it's known statically that the requested export doesn't exist.

Import traces:
  Client Component Browser:
    ./src/components/social/AccountConnector.tsx [Client Component Browser]
    ./src/components/social/ViralDashboard.tsx [Client Component Browser]
    ./src/app/page.tsx [Client Component Browser]
    ./src/app/page.tsx [Server Component]

  Client Component SSR:
    ./src/components/social/AccountConnector.tsx [Client Component SSR]
    ./src/components/social/ViralDashboard.tsx [Client Component SSR]
    ./src/app/page.tsx [Client Component SSR]
    ./src/app/page.tsx [Server Component]


./src/components/social/PublishModal.tsx:4:1
Export Instagram doesn't exist in target module
  [90m2 |[0m
  [90m3 |[0m [36mimport[0m { useState } [36mfrom[0m [32m'react'[0m;
[31m[1m>[0m [90m4 |[0m [36mimport[0m { [33mX[0m, [33mSend[0m, [33mLoader2[0m, [33mCheckCircle2[0m, [33mAlertCircle[0m, [33mFacebook[0m, [33mInstagram[0m, [33mYoutube[0m, [33mMusic2[0m } [36mfrom[0m [32m'lucide-react'[0m;
  [90m  |[0m [31m[1m^^^^^^^^^^^^^^^^^^^^^^^^^^^^^^^^^^^^^^^^^^^^^^^^^^^^^^^^^^^^^^^^^^^^^^^^^^^^^^^^^^^^^^^^^^^^^^^^^^^^^^^^^^^^^^^^^[0m
  [90m5 |[0m [36mimport[0m { motion, [33mAnimatePresence[0m } [36mfrom[0m [32m'framer-motion'[0m;
  [90m6 |[0m [36mimport[0m { useSocialAccounts } [36mfrom[0m [32m'@/hooks/useSocialAccounts'[0m;
  [90m7 |[0m [36mimport[0m { publishToSocial, [33mSocialPlatform[0m } [36mfrom[0m [32m'@/lib/social/providers'[0m;

The export Instagram was not found in module [project]/node_modules/lucide-react/dist/esm/lucide-react.mjs [app-client] (ecmascript).
Did you mean to import Star?
All exports of the module are statically known (It doesn't have dynamic exports). So it's known statically that the requested export doesn't exist.

Import traces:
  Client Component Browser:
    ./src/components/social/PublishModal.tsx [Client Component Browser]
    ./src/components/social/ViralDashboard.tsx [Client Component Browser]
    ./src/app/page.tsx [Client Component Browser]
    ./src/app/page.tsx [Server Component]

  Client Component SSR:
    ./src/components/social/PublishModal.tsx [Client Component SSR]
    ./src/components/social/ViralDashboard.tsx [Client Component SSR]
    ./src/app/page.tsx [Client Component SSR]
    ./src/app/page.tsx [Server Component]


./src/components/social/PublishModal.tsx:4:1
Export Instagram doesn't exist in target module
  [90m2 |[0m
  [90m3 |[0m [36mimport[0m { useState } [36mfrom[0m [32m'react'[0m;
[31m[1m>[0m [90m4 |[0m [36mimport[0m { [33mX[0m, [33mSend[0m, [33mLoader2[0m, [33mCheckCircle2[0m, [33mAlertCircle[0m, [33mFacebook[0m, [33mInstagram[0m, [33mYoutube[0m, [33mMusic2[0m } [36mfrom[0m [32m'lucide-react'[0m;
  [90m  |[0m [31m[1m^^^^^^^^^^^^^^^^^^^^^^^^^^^^^^^^^^^^^^^^^^^^^^^^^^^^^^^^^^^^^^^^^^^^^^^^^^^^^^^^^^^^^^^^^^^^^^^^^^^^^^^^^^^^^^^^^[0m
  [90m5 |[0m [36mimport[0m { motion, [33mAnimatePresence[0m } [36mfrom[0m [32m'framer-motion'[0m;
  [90m6 |[0m [36mimport[0m { useSocialAccounts } [36mfrom[0m [32m'@/hooks/useSocialAccounts'[0m;
  [90m7 |[0m [36mimport[0m { publishToSocial, [33mSocialPlatform[0m } [36mfrom[0m [32m'@/lib/social/providers'[0m;

The export Instagram was not found in module [project]/node_modules/lucide-react/dist/esm/lucide-react.mjs [app-ssr] (ecmascript).
Did you mean to import Star?
All exports of the module are statically known (It doesn't have dynamic exports). So it's known statically that the requested export doesn't exist.

Import traces:
  Client Component Browser:
    ./src/components/social/PublishModal.tsx [Client Component Browser]
    ./src/components/social/ViralDashboard.tsx [Client Component Browser]
    ./src/app/page.tsx [Client Component Browser]
    ./src/app/page.tsx [Server Component]

  Client Component SSR:
    ./src/components/social/PublishModal.tsx [Client Component SSR]
    ./src/components/social/ViralDashboard.tsx [Client Component SSR]
    ./src/app/page.tsx [Client Component SSR]
    ./src/app/page.tsx [Server Component]


./src/components/social/AccountConnector.tsx:3:1
Export Youtube doesn't exist in target module
  [90m1 |[0m [32m'use client'[0m;
  [90m2 |[0m
[31m[1m>[0m [90m3 |[0m [36mimport[0m { [33mCheck[0m, [33mPlus[0m, [33mX[0m, [33mFacebook[0m, [33mInstagram[0m, [33mYoutube[0m, [33mMusic2[0m } [36mfrom[0m [32m'lucide-react'[0m;
  [90m  |[0m [31m[1m^^^^^^^^^^^^^^^^^^^^^^^^^^^^^^^^^^^^^^^^^^^^^^^^^^^^^^^^^^^^^^^^^^^^^^^^^^^^^^^^^^^^[0m
  [90m4 |[0m [36mimport[0m { useSocialAccounts } [36mfrom[0m [32m'@/hooks/useSocialAccounts'[0m;
  [90m5 |[0m [36mimport[0m { [33mSocialPlatform[0m, getAuthUrl } [36mfrom[0m [32m'@/lib/social/providers'[0m;
  [90m6 |[0m

The export Youtube was not found in module [project]/node_modules/lucide-react/dist/esm/lucide-react.mjs [app-client] (ecmascript).
Did you mean to import Route?
All exports of the module are statically known (It doesn't have dynamic exports). So it's known statically that the requested export doesn't exist.

Import traces:
  Client Component Browser:
    ./src/components/social/AccountConnector.tsx [Client Component Browser]
    ./src/components/social/ViralDashboard.tsx [Client Component Browser]
    ./src/app/page.tsx [Client Component Browser]
    ./src/app/page.tsx [Server Component]

  Client Component SSR:
    ./src/components/social/AccountConnector.tsx [Client Component SSR]
    ./src/components/social/ViralDashboard.tsx [Client Component SSR]
    ./src/app/page.tsx [Client Component SSR]
    ./src/app/page.tsx [Server Component]


./src/components/social/AccountConnector.tsx:3:1
Export Youtube doesn't exist in target module
  [90m1 |[0m [32m'use client'[0m;
  [90m2 |[0m
[31m[1m>[0m [90m3 |[0m [36mimport[0m { [33mCheck[0m, [33mPlus[0m, [33mX[0m, [33mFacebook[0m, [33mInstagram[0m, [33mYoutube[0m, [33mMusic2[0m } [36mfrom[0m [32m'lucide-react'[0m;
  [90m  |[0m [31m[1m^^^^^^^^^^^^^^^^^^^^^^^^^^^^^^^^^^^^^^^^^^^^^^^^^^^^^^^^^^^^^^^^^^^^^^^^^^^^^^^^^^^^[0m
  [90m4 |[0m [36mimport[0m { useSocialAccounts } [36mfrom[0m [32m'@/hooks/useSocialAccounts'[0m;
  [90m5 |[0m [36mimport[0m { [33mSocialPlatform[0m, getAuthUrl } [36mfrom[0m [32m'@/lib/social/providers'[0m;
  [90m6 |[0m

The export Youtube was not found in module [project]/node_modules/lucide-react/dist/esm/lucide-react.mjs [app-ssr] (ecmascript).
Did you mean to import Route?
All exports of the module are statically known (It doesn't have dynamic exports). So it's known statically that the requested export doesn't exist.

Import traces:
  Client Component Browser:
    ./src/components/social/AccountConnector.tsx [Client Component Browser]
    ./src/components/social/ViralDashboard.tsx [Client Component Browser]
    ./src/app/page.tsx [Client Component Browser]
    ./src/app/page.tsx [Server Component]

  Client Component SSR:
    ./src/components/social/AccountConnector.tsx [Client Component SSR]
    ./src/components/social/ViralDashboard.tsx [Client Component SSR]
    ./src/app/page.tsx [Client Component SSR]
    ./src/app/page.tsx [Server Component]


./src/components/social/PublishModal.tsx:4:1
Export Youtube doesn't exist in target module
  [90m2 |[0m
  [90m3 |[0m [36mimport[0m { useState } [36mfrom[0m [32m'react'[0m;
[31m[1m>[0m [90m4 |[0m [36mimport[0m { [33mX[0m, [33mSend[0m, [33mLoader2[0m, [33mCheckCircle2[0m, [33mAlertCircle[0m, [33mFacebook[0m, [33mInstagram[0m, [33mYoutube[0m, [33mMusic2[0m } [36mfrom[0m [32m'lucide-react'[0m;
  [90m  |[0m [31m[1m^^^^^^^^^^^^^^^^^^^^^^^^^^^^^^^^^^^^^^^^^^^^^^^^^^^^^^^^^^^^^^^^^^^^^^^^^^^^^^^^^^^^^^^^^^^^^^^^^^^^^^^^^^^^^^^^^[0m
  [90m5 |[0m [36mimport[0m { motion, [33mAnimatePresence[0m } [36mfrom[0m [32m'framer-motion'[0m;
  [90m6 |[0m [36mimport[0m { useSocialAccounts } [36mfrom[0m [32m'@/hooks/useSocialAccounts'[0m;
  [90m7 |[0m [36mimport[0m { publishToSocial, [33mSocialPlatform[0m } [36mfrom[0m [32m'@/lib/social/providers'[0m;

The export Youtube was not found in module [project]/node_modules/lucide-react/dist/esm/lucide-react.mjs [app-client] (ecmascript).
Did you mean to import Route?
All exports of the module are statically known (It doesn't have dynamic exports). So it's known statically that the requested export doesn't exist.

Import traces:
  Client Component Browser:
    ./src/components/social/PublishModal.tsx [Client Component Browser]
    ./src/components/social/ViralDashboard.tsx [Client Component Browser]
    ./src/app/page.tsx [Client Component Browser]
    ./src/app/page.tsx [Server Component]

  Client Component SSR:
    ./src/components/social/PublishModal.tsx [Client Component SSR]
    ./src/components/social/ViralDashboard.tsx [Client Component SSR]
    ./src/app/page.tsx [Client Component SSR]
    ./src/app/page.tsx [Server Component]


./src/components/social/PublishModal.tsx:4:1
Export Youtube doesn't exist in target module
  [90m2 |[0m
  [90m3 |[0m [36mimport[0m { useState } [36mfrom[0m [32m'react'[0m;
[31m[1m>[0m [90m4 |[0m [36mimport[0m { [33mX[0m, [33mSend[0m, [33mLoader2[0m, [33mCheckCircle2[0m, [33mAlertCircle[0m, [33mFacebook[0m, [33mInstagram[0m, [33mYoutube[0m, [33mMusic2[0m } [36mfrom[0m [32m'lucide-react'[0m;
  [90m  |[0m [31m[1m^^^^^^^^^^^^^^^^^^^^^^^^^^^^^^^^^^^^^^^^^^^^^^^^^^^^^^^^^^^^^^^^^^^^^^^^^^^^^^^^^^^^^^^^^^^^^^^^^^^^^^^^^^^^^^^^^[0m
  [90m5 |[0m [36mimport[0m { motion, [33mAnimatePresence[0m } [36mfrom[0m [32m'framer-motion'[0m;
  [90m6 |[0m [36mimport[0m { useSocialAccounts } [36mfrom[0m [32m'@/hooks/useSocialAccounts'[0m;
  [90m7 |[0m [36mimport[0m { publishToSocial, [33mSocialPlatform[0m } [36mfrom[0m [32m'@/lib/social/providers'[0m;

The export Youtube was not found in module [project]/node_modules/lucide-react/dist/esm/lucide-react.mjs [app-ssr] (ecmascript).
Did you mean to import Route?
All exports of the module are statically known (It doesn't have dynamic exports). So it's known statically that the requested export doesn't exist.

Import traces:
  Client Component Browser:
    ./src/components/social/PublishModal.tsx [Client Component Browser]
    ./src/components/social/ViralDashboard.tsx [Client Component Browser]
    ./src/app/page.tsx [Client Component Browser]
    ./src/app/page.tsx [Server Component]

  Client Component SSR:
    ./src/components/social/PublishModal.tsx [Client Component SSR]
    ./src/components/social/ViralDashboard.tsx [Client Component SSR]
    ./src/app/page.tsx [Client Component SSR]
    ./src/app/page.tsx [Server Component]


    at <unknown> (./src/components/social/AccountConnector.tsx:3:1)
    at <unknown> (./src/components/social/AccountConnector.tsx:3:1)
    at <unknown> (./src/components/social/PublishModal.tsx:4:1)
    at <unknown> (./src/components/social/PublishModal.tsx:4:1)
    at <unknown> (./src/components/social/AccountConnector.tsx:3:1)
    ... collapsed 4 duplicate lines matching above lines ...
    at <unknown> (./src/components/social/AccountConnector.tsx:3:1)
    at <unknown> (./src/components/social/PublishModal.tsx:4:1)
    at <unknown> (./src/components/social/PublishModal.tsx:4:1)
